[www.deniint.com.mk/index.html]
[www.deniint.com.mk/wp-content/uploads/2018/12/favicon.png]
[backblue.gif]
[fade.gif]
[index.html]
[www.deniint.com.mk/wp-includes/css/dist/block-library/style.min5b21.css]
[www.deniint.com.mk/wp-content/plugins/sitepress-multilingual-cms/templates/language-switchers/legacy-list-horizontal/style68b3.css]
[www.deniint.com.mk/index9ed2.html]
[www.deniint.com.mk/index69cd.html]
[www.deniint.com.mk/wp-content/themes/cargo/style.cargo.min5b21.css]
[www.deniint.com.mk/feed/index.html]
[www.deniint.com.mk/index3322.html]
[www.deniint.com.mk/comments/feed/index.html]
[www.deniint.com.mk/wp-content/themes/cargo/css/viewport-buggyfill5b21.css]
[www.deniint.com.mk/wp-content/themes/cargo-child/style5b21.css]
[www.deniint.com.mk/wp-includes/js/jquery/jquery-migrate.mind617.js]
[www.deniint.com.mk/wp-content/plugins/cargo/bt_elements5b21.js]
[www.deniint.com.mk/wp-content/themes/cargo/js/modernizr.custom5b21.js]
[www.deniint.com.mk/wp-includes/js/jquery/jquery.minaf6c.js]
[www.deniint.com.mk/wp-content/themes/cargo/js/viewport-units-buggyfill5b21.js]
[www.deniint.com.mk/wp-content/themes/cargo/js/viewport-units-buggyfill.hacks5b21.js]
[www.deniint.com.mk/wp-content/themes/cargo/js/jquery.magnific-popup.min5b21.js]
[www.deniint.com.mk/wp-content/themes/cargo/js/slick.min5b21.js]
[www.deniint.com.mk/wp-content/themes/cargo/js/fancySelect5b21.js]
[www.deniint.com.mk/wp-content/themes/cargo/js/misc5b21.js]
[www.deniint.com.mk/wp-content/themes/cargo/js/header.misc5b21.js]
[www.deniint.com.mk/wp-content/themes/cargo/js/dir.hover5b21.js]
[www.deniint.com.mk/wp-content/themes/cargo/js/sliders5b21.js]
[www.deniint.com.mk/wp-json/wp/v2/pages/1041.json]
[www.deniint.com.mk/wp-json/index.html]
[www.deniint.com.mk/xmlrpc0db0.php]
[www.deniint.com.mk/wp-includes/wlwmanifest.xml]
[www.deniint.com.mk/wp-json/oembed/1.0/embed91dd.json]
[www.deniint.com.mk/wp-json/oembed/1.0/embed3689]
[www.deniint.com.mk/wp-content/plugins/sitepress-multilingual-cms/res/flags/mk.png]
[www.deniint.com.mk/wp-content/plugins/sitepress-multilingual-cms/res/flags/en.png]
[www.deniint.com.mk/wp-content/plugins/sitepress-multilingual-cms/res/flags/sq.png]
[www.deniint.com.mk/wp-content/plugins/sitepress-multilingual-cms/res/flags/de.png]
[www.deniint.com.mk/wp-content/uploads/2018/12/logo_color.png]
[www.deniint.com.mk/wp-content/uploads/2018/12/logo_white.png]
[www.deniint.com.mk/wp-content/uploads/2018/12/slider1.jpg]
[www.deniint.com.mk/za-nas/index.html]
[www.deniint.com.mk/uslugi/index.html]
[www.deniint.com.mk/uslugi/transport/index.html]
[www.deniint.com.mk/wp-content/uploads/2018/12/slider2-320x138.jpg]
[www.deniint.com.mk/uslugi/shpedicija/index.html]
[www.deniint.com.mk/uslugi/javen-carinski-sklad/index.html]
[www.deniint.com.mk/wp-content/uploads/2018/12/slider2.jpg]
[www.deniint.com.mk/uslugi/autohof-001/index.html]
[www.deniint.com.mk/terminal/index.html]
[www.deniint.com.mk/magacinska-oprema/index.html]
[www.deniint.com.mk/wp-content/uploads/2018/12/slider3-320x138.jpg]
[www.deniint.com.mk/blog/index.html]
[www.deniint.com.mk/wp-content/uploads/2018/12/slider3.jpg]
[www.deniint.com.mk/kontakt/index.html]
[www.deniint.com.mk/wp-content/uploads/2015/09/Transparent-background-with-dots.png]
[www.deniint.com.mk/wp-content/uploads/2018/12/volvo-homepage.png]
[www.deniint.com.mk/wp-content/uploads/2019/09/Warehouse-Solutions-How-to-Maximize-Warehouse-Space-Utilization-5-640x480.jpg]
[www.deniint.com.mk/wp-content/uploads/2019/09/Cargo-Tracking-6-Secrets-To-A-Successful-Manufacturing-Business-640x480.jpg]
[www.deniint.com.mk/wp-content/uploads/2019/09/When-Do-You-Need-An-Export-Licence-2-640x480.jpg]
[www.deniint.com.mk/warehouse-solutions-how-to-maximize-warehouse-space-utilization/index.html]
[www.deniint.com.mk/wp-content/uploads/2018/12/Linde-pneumatic.png]
[www.deniint.com.mk/category/blog/index.html]
[www.deniint.com.mk/wp-content/uploads/2015/09/pin-blue.png]
[www.deniint.com.mk/wp-includes/js/comment-reply.min5b21.js]
[www.deniint.com.mk/cargo-tracking-6-secrets-to-a-successful-manufacturing-business/index.html]
[www.deniint.com.mk/when-do-you-need-an-export-licence/index.html]
[www.deniint.com.mk/wp-content/plugins/cargo/bt_parallax5b21.js]
[www.deniint.com.mk/wp-content/plugins/cargo/bt_gmap5b21.js]
[www.deniint.com.mk/index.html]
[www.deniint.com.mk/index9ed2.html]
[www.deniint.com.mk/wp-content/plugins/cargo/instafeed.min5b21.js]
[www.deniint.com.mk/index69cd.html]
[www.deniint.com.mk/feed/index9ed2.html]
[www.deniint.com.mk/wp-json/indexbdfe.html]
[www.deniint.com.mk/wp-json/index2654.html]
[www.deniint.com.mk/index3322.html]
[www.deniint.com.mk/wp-json/indexb2fd.html]
[www.deniint.com.mk/wp-includes/css/dist/block-library/style.min5b21.css]
[www.deniint.com.mk/comments/feed/index9ed2.html]
[www.deniint.com.mk/wp-json/index365f.html]
[www.deniint.com.mk/about-us/index9ed2.html]
[www.deniint.com.mk/wp-content/plugins/sitepress-multilingual-cms/templates/language-switchers/legacy-list-horizontal/style68b3.css]
[www.deniint.com.mk/services/index9ed2.html]
[www.deniint.com.mk/services/transport/index9ed2.html]
[www.deniint.com.mk/services/forwarding/index9ed2.html]
[www.deniint.com.mk/services/public-customs-warehouse/index9ed2.html]
[www.deniint.com.mk/services/autohof-001/index9ed2.html]
[www.deniint.com.mk/wp-content/themes/cargo/fonts/fontawesome-webfonte0a5.eot]
[www.deniint.com.mk/terminal/index9ed2.html]
[www.deniint.com.mk/warehouse-equipment/index9ed2.html]
[www.deniint.com.mk/blog/index9ed2.html]
[www.deniint.com.mk/wp-content/themes/cargo/fonts/fontawesome-webfontd41d.eot]
[www.deniint.com.mk/contact/index9ed2.html]
[www.deniint.com.mk/warehouse-solutions-how-to-maximize-warehouse-space-utilization/index9ed2.html]
[www.deniint.com.mk/wp-content/themes/cargo/fonts/fontawesome-webfonte0a5.woff2]
[www.deniint.com.mk/category/blog/index9ed2.html]
[www.deniint.com.mk/cargo-tracking-6-secrets-to-a-successful-manufacturing-business/index9ed2.html]
[www.deniint.com.mk/wp-content/themes/cargo/fonts/fontawesome-webfonte0a5.woff]
[www.deniint.com.mk/wp-content/themes/cargo/fonts/fontawesome-webfonte0a5.ttf]
[www.deniint.com.mk/when-do-you-need-an-export-licence/index9ed2.html]
[www.deniint.com.mk/wp-content/themes/cargo/fonts/fontawesome-webfonte0a5.svg]
[www.deniint.com.mk/feed/index69cd.html]
[www.deniint.com.mk/wp-content/themes/cargo/fonts/Pe-icon-7-strokebb1d.eot]
[www.deniint.com.mk/comments/feed/index69cd.html]
[www.deniint.com.mk/wp-content/themes/cargo/fonts/Pe-icon-7-stroked41d.eot]
[www.deniint.com.mk/wp-content/themes/cargo/fonts/Pe-icon-7-strokebb1d.woff]
[www.deniint.com.mk/wp-json/indexdf36.html]
[www.deniint.com.mk/wp-content/themes/cargo/fonts/Pe-icon-7-strokebb1d.ttf]
[www.deniint.com.mk/wp-json/indexa2d2.html]
[www.deniint.com.mk/wp-content/themes/cargo/fonts/Pe-icon-7-strokebb1d.svg]
[www.deniint.com.mk/wp-content/themes/cargo/fonts/cargocd26.eot]
[www.deniint.com.mk/wp-json/indexcc2a.html]
[www.deniint.com.mk/wp-content/themes/cargo/fonts/cargod41d.eot]
[www.deniint.com.mk/wp-content/themes/cargo/fonts/cargocd26.woff]
[www.deniint.com.mk/wp-content/themes/cargo/fonts/cargocd26.ttf]
[www.deniint.com.mk/wp-content/themes/cargo/style.cargo.min5b21.css]
[www.deniint.com.mk/wp-json/index3bb7.html]
[www.deniint.com.mk/wp-content/themes/cargo/css/viewport-buggyfill5b21.css]
[www.deniint.com.mk/wp-content/themes/cargo/fonts/cargo2c36.svg]
[www.deniint.com.mk/per-ne/index69cd.html]
[www.deniint.com.mk/wp-content/themes/cargo-child/style5b21.css]
[www.deniint.com.mk/sherbimet-tona/index69cd.html]
[www.deniint.com.mk/sherbimet-tona/transport/index69cd.html]
[www.deniint.com.mk/sherbimet-tona/shpedicion/index69cd.html]
[www.deniint.com.mk/wp-admin/admin-ajax.html]
[www.deniint.com.mk/sherbimet-tona/depo-doganiere-publike/index69cd.html]
[www.deniint.com.mk/sherbimet-tona/autohof-001/index69cd.html]
[www.deniint.com.mk/terminali/index69cd.html]
[www.deniint.com.mk/pajisjet-magaziniere/index69cd.html]
[www.deniint.com.mk/blog/index69cd.html]
[www.deniint.com.mk/kontaktet/index69cd.html]
[www.deniint.com.mk/warehouse-solutions-how-to-maximize-warehouse-space-utilization/index69cd.html]
[www.deniint.com.mk/wp-json/wp/v2/pages/58.json]
[www.deniint.com.mk/category/blog/index69cd.html]
[www.deniint.com.mk/cargo-tracking-6-secrets-to-a-successful-manufacturing-business/index69cd.html]
[www.deniint.com.mk/when-do-you-need-an-export-licence/index69cd.html]
[www.deniint.com.mk/wp-json/oembed/1.0/embedd830.json]
[www.deniint.com.mk/feed/index3322.html]
[www.deniint.com.mk/comments/feed/index3322.html]
[www.deniint.com.mk/wp-json/index3c0b.html]
[www.deniint.com.mk/wp-json/oembed/1.0/embedc5d3]
[www.deniint.com.mk/wp-json/indexa9af.html]
[www.deniint.com.mk/wp-json/index1cf1.html]
[www.deniint.com.mk/wp-content/uploads/2018/12/Magacinska_oprema-1-320x180.jpg]
[www.deniint.com.mk/wp-json/indexcf4b.html]
[www.deniint.com.mk/wp-content/uploads/2018/12/Magacinska_oprema-1.jpg]
[www.deniint.com.mk/ueber-uns/index3322.html]
[www.deniint.com.mk/wp-content/uploads/2018/12/shutterstock_230851453-320x213.jpg]
[www.deniint.com.mk/unsere-services/index3322.html]
[www.deniint.com.mk/wp-content/uploads/2018/12/shutterstock_230851453.jpg]
[www.deniint.com.mk/unsere-services/transport/index3322.html]
[www.deniint.com.mk/wp-content/uploads/2018/12/IMG_3807-320x213.jpg]
[www.deniint.com.mk/unsere-services/spedition/index3322.html]
[www.deniint.com.mk/unsere-services/lagerarbeiten/index3322.html]
[www.deniint.com.mk/unsere-services/autohof-001/index3322.html]
[www.deniint.com.mk/wp-content/uploads/2018/12/IMG_3807.jpg]
[www.deniint.com.mk/wp-content/uploads/2018/12/deni_internacional_z_talogo_15.jpg]
[www.deniint.com.mk/terminal/index3322.html]
[www.deniint.com.mk/lagerausstattung/index3322.html]
[www.deniint.com.mk/blog/index3322.html]
[www.deniint.com.mk/wp-content/uploads/2020/01/ПОЛИТИКА-НА-КВАЛИТЕТ-2020.pdf]
[www.deniint.com.mk/kontakt/index3322.html]
[www.deniint.com.mk/wp-content/uploads/2015/09/Gray-background-with-dots.jpg]
[www.deniint.com.mk/za-nas/index.html]
[www.deniint.com.mk/warehouse-solutions-how-to-maximize-warehouse-space-utilization/index3322.html]
[www.deniint.com.mk/category/blog/index3322.html]
[www.deniint.com.mk/cargo-tracking-6-secrets-to-a-successful-manufacturing-business/index3322.html]
[www.deniint.com.mk/when-do-you-need-an-export-licence/index3322.html]
[www.deniint.com.mk/wp-json/wp/v2/pages/56.json]
[www.deniint.com.mk/wp-json/oembed/1.0/embedc9ca.json]
[www.deniint.com.mk/wp-json/oembed/1.0/embedf751]
[www.deniint.com.mk/wp-content/uploads/2018/12/DSC_0011-640x480.jpg]
[www.deniint.com.mk/wp-content/uploads/2018/12/IMG_3717-640x480.jpg]
[www.deniint.com.mk/wp-content/uploads/2018/12/IMG_3817-640x480.jpg]
[www.deniint.com.mk/wp-content/uploads/2018/12/IMG_3719-640x480.jpg]
[www.deniint.com.mk/wp-content/uploads/2015/09/Blue-background-with-trucks.jpg]
[www.deniint.com.mk/wp-content/uploads/2018/12/viljuskari-na-lager.pdf]
[www.deniint.com.mk/uslugi/index.html]
[www.deniint.com.mk/wp-json/wp/v2/pages/2400.json]
[www.deniint.com.mk/wp-json/oembed/1.0/embed8d36.json]
[www.deniint.com.mk/wp-json/oembed/1.0/embedf0c2]
[www.deniint.com.mk/wp-content/uploads/2018/12/IMG_3717-320x213.jpg]
[www.deniint.com.mk/wp-content/uploads/2018/12/IMG_3717.jpg]
[www.deniint.com.mk/wp-content/uploads/2018/12/IMG_3817-320x213.jpg]
[www.deniint.com.mk/wp-content/uploads/2018/12/IMG_3817.jpg]
[www.deniint.com.mk/uslugi/transport/index.html]
[www.deniint.com.mk/wp-json/wp/v2/pages/2402.json]
[www.deniint.com.mk/wp-json/oembed/1.0/embedd6b2.json]
[www.deniint.com.mk/wp-json/oembed/1.0/embed36ac]
[www.deniint.com.mk/wp-content/uploads/2018/12/shutterstock_114021085-320x214.jpg]
[www.deniint.com.mk/wp-content/uploads/2018/12/shutterstock_114021085.jpg]
[www.deniint.com.mk/wp-content/uploads/2018/12/shutterstock_158330768-320x213.jpg]
[www.deniint.com.mk/wp-content/uploads/2018/12/shutterstock_158330768.jpg]
[www.deniint.com.mk/wp-content/uploads/2018/12/dokumenti-320x164.jpg]
[www.deniint.com.mk/wp-content/uploads/2018/12/dokumenti.jpg]
[www.deniint.com.mk/uslugi/shpedicija/index.html]
[www.deniint.com.mk/wp-json/wp/v2/pages/2404.json]
[www.deniint.com.mk/wp-json/oembed/1.0/embeda8f6.json]
[www.deniint.com.mk/wp-json/oembed/1.0/embed6a23]
[www.deniint.com.mk/wp-content/uploads/2018/12/Carinski_sklad-full-320x365.jpg]
[www.deniint.com.mk/wp-content/uploads/2018/12/Carinski_sklad-full.jpg]
[www.deniint.com.mk/wp-content/uploads/2018/12/Carinski_sklad-320x240.jpg]
[www.deniint.com.mk/wp-content/uploads/2018/12/Carinski_sklad.jpg]
[www.deniint.com.mk/uslugi/javen-carinski-sklad/index.html]
[www.deniint.com.mk/wp-json/wp/v2/pages/2405.json]
[www.deniint.com.mk/wp-json/oembed/1.0/embed3bb4.json]
[www.deniint.com.mk/wp-json/oembed/1.0/embed6af4]
[www.deniint.com.mk/wp-content/uploads/2018/12/header_autohof-320x164.jpg]
[www.deniint.com.mk/wp-content/uploads/2018/12/header_autohof.jpg]
[www.deniint.com.mk/wp-content/uploads/2018/12/White-truck-on-top-320x213.jpg]
[www.deniint.com.mk/wp-content/uploads/2018/12/White-truck-on-top.jpg]
[www.deniint.com.mk/uslugi/autohof-001/index.html]
[www.deniint.com.mk/wp-json/wp/v2/pages/2355.json]
[www.deniint.com.mk/wp-json/oembed/1.0/embed0bc5.json]
[www.deniint.com.mk/wp-json/oembed/1.0/embed1ab7]
[www.deniint.com.mk/wp-content/uploads/2018/12/IMG_3723-320x222.jpg]
[www.deniint.com.mk/wp-content/uploads/2018/12/IMG_3723.jpg]
[www.deniint.com.mk/terminal/index.html]
[www.deniint.com.mk/wp-json/wp/v2/pages/2331.json]
[www.deniint.com.mk/wp-json/oembed/1.0/embed1fd9.json]
[www.deniint.com.mk/wp-json/oembed/1.0/embedc0ce]
[www.deniint.com.mk/wp-content/uploads/2018/12/Magacinska_oprema-stow-2-320x320.jpg]
[www.deniint.com.mk/wp-content/uploads/2018/12/Magacinska_oprema-stow-2.jpg]
[www.deniint.com.mk/wp-content/uploads/2018/12/Magacinska_oprema-stow-320x212.jpg]
[www.deniint.com.mk/wp-content/uploads/2018/12/Magacinska_oprema-stow.jpg]
[www.deniint.com.mk/wp-content/uploads/2018/12/1m.png]
[www.deniint.com.mk/wp-content/uploads/2018/12/2m.png]
[www.deniint.com.mk/wp-content/uploads/2018/12/3m.jpg]
[www.deniint.com.mk/wp-content/uploads/2018/12/4m.jpg]
[www.deniint.com.mk/wp-content/uploads/2018/12/5m.png]
[www.deniint.com.mk/wp-content/uploads/2018/12/6m.jpg]
[www.deniint.com.mk/magacinska-oprema/index.html]
[www.deniint.com.mk/wp-json/wp/v2/pages/936.json]
[www.deniint.com.mk/wp-json/oembed/1.0/embed0959.json]
[www.deniint.com.mk/wp-json/oembed/1.0/embed258b]
[www.deniint.com.mk/wp-content/plugins/cargo/imagesloaded.pkgd.min5b21.js]
[www.deniint.com.mk/wp-content/plugins/cargo/packery.pkgd.min5b21.js]
[www.deniint.com.mk/wp-content/plugins/cargo/bt_grid_tweak5b21.js]
[www.deniint.com.mk/blog/index.html]
[www.deniint.com.mk/wp-content/plugins/cargo/bt_grid5b21.js]
[www.deniint.com.mk/wp-json/wp/v2/pages/62.json]
[www.deniint.com.mk/wp-json/oembed/1.0/embed6970.json]
[www.deniint.com.mk/kontakt/index.html]
[www.deniint.com.mk/wp-json/oembed/1.0/embed0b55]
[www.deniint.com.mk/wp-content/uploads/2019/09/Warehouse-Solutions-How-to-Maximize-Warehouse-Space-Utilization-5.jpg]
[www.deniint.com.mk/wp-json/wp/v2/posts/3465.json]
[www.deniint.com.mk/warehouse-solutions-how-to-maximize-warehouse-space-utilization/feed/index.html]
[www.deniint.com.mk/wp-json/oembed/1.0/embed2002.json]
[www.deniint.com.mk/wp-json/oembed/1.0/embedeecd]
[www.deniint.com.mk/wp-content/uploads/2019/09/Warehouse-Solutions-How-to-Maximize-Warehouse-Space-Utilization-5-1200x800.jpg]
[www.deniint.com.mk/wp-content/uploads/2019/09/Warehouse-Solutions-How-to-Maximize-Warehouse-Space-Utilization-3.jpg]
[www.deniint.com.mk/wp-content/uploads/2019/09/Warehouse-Solutions-How-to-Maximize-Warehouse-Space-Utilization-7.jpg]
[www.deniint.com.mk/tag/forklift-equipment/index.html]
[www.deniint.com.mk/wp-content/uploads/2019/09/Cargo-Tracking-6-Secrets-To-A-Successful-Manufacturing-Business-160x160.jpg]
[www.deniint.com.mk/warehouse-solutions-how-to-maximize-warehouse-space-utilization/index.html]
[www.deniint.com.mk/tag/storage-solutions/index.html]
[www.deniint.com.mk/tag/warehouse-customs/index.html]
[www.deniint.com.mk/tag/maximize-warehouse-space-utilization/index.html]
[www.deniint.com.mk/tag/warehouse-efficiency/index.html]
[www.deniint.com.mk/tag/warehouse-solution/index.html]
[www.deniint.com.mk/wp-json/wp/v2/categories/39.json]
[www.deniint.com.mk/tag/warehouse-solutions/index.html]
[www.deniint.com.mk/tag/warehouse-solutions-supplier/index.html]
[www.deniint.com.mk/wp-content/uploads/2019/09/Cargo-Tracking-6-Secrets-To-A-Successful-Manufacturing-Business-1200x747.jpg]
[www.deniint.com.mk/what-is-an-import-licence/index.html]
[www.deniint.com.mk/wp-content/uploads/2019/09/Cargo-Tracking-6-Secrets-To-A-Successful-Manufacturing-Business-1.jpg]
[www.deniint.com.mk/category/blog/feed/index.html]
[www.deniint.com.mk/category/blog/page/2/index.html]
[www.deniint.com.mk/wp-content/uploads/2019/09/Cargo-Tracking-6-Secrets-To-A-Successful-Manufacturing-Business-2.png]
[www.deniint.com.mk/wp-content/uploads/2019/09/When-Do-You-Need-An-Export-Licence-2.jpg]
[www.deniint.com.mk/wp-content/uploads/2019/09/3.-When-Do-You-Need-An-Export-Licence.jpg]
[www.deniint.com.mk/wp-content/uploads/2019/09/When-Do-You-Need-An-Export-Licence.jpg]
[www.deniint.com.mk/wp-content/uploads/2019/09/1.-When-Do-You-Need-An-Export-Licence-1200x831.jpg]
[www.deniint.com.mk/wp-content/uploads/2019/09/2.-When-Do-You-Need-An-Export-Licence.jpg]
[www.deniint.com.mk/wp-content/uploads/2019/08/What-is-Multimodal-Transportation-1200x756.jpg]
[www.deniint.com.mk/wp-content/uploads/2019/08/What-is-Multimodal-Transportation-1.jpg]
[www.deniint.com.mk/wp-content/uploads/2019/08/4-Advantages-of-Door-To-Door-Delivery-3-1200x800.jpg]
[www.deniint.com.mk/wp-content/uploads/2019/08/4-Advantages-of-Door-To-Door-Delivery-1-1.jpg]
[www.deniint.com.mk/category/blog/index.html]
[www.deniint.com.mk/cargo-tracking-6-secrets-to-a-successful-manufacturing-business/index.html]
[www.deniint.com.mk/when-do-you-need-an-export-licence/index.html]
[www.deniint.com.mk/about-us/index9ed2.html]
[www.deniint.com.mk/services/index9ed2.html]
[www.deniint.com.mk/services/transport/index9ed2.html]
[www.deniint.com.mk/services/forwarding/index9ed2.html]
[www.deniint.com.mk/services/public-customs-warehouse/index9ed2.html]
[www.deniint.com.mk/services/autohof-001/index9ed2.html]
[www.deniint.com.mk/terminal/index9ed2.html]
[www.deniint.com.mk/warehouse-equipment/index9ed2.html]
[www.deniint.com.mk/blog/index9ed2.html]
[www.deniint.com.mk/contact/index9ed2.html]
[www.deniint.com.mk/warehouse-solutions-how-to-maximize-warehouse-space-utilization/index9ed2.html]
[www.deniint.com.mk/category/blog/index9ed2.html]
[www.deniint.com.mk/cargo-tracking-6-secrets-to-a-successful-manufacturing-business/index9ed2.html]
[www.deniint.com.mk/when-do-you-need-an-export-licence/index9ed2.html]
[www.deniint.com.mk/per-ne/index69cd.html]
[www.deniint.com.mk/sherbimet-tona/index69cd.html]
[www.deniint.com.mk/sherbimet-tona/transport/index69cd.html]
[www.deniint.com.mk/sherbimet-tona/shpedicion/index69cd.html]
[www.deniint.com.mk/sherbimet-tona/depo-doganiere-publike/index69cd.html]
[www.deniint.com.mk/sherbimet-tona/autohof-001/index69cd.html]
[www.deniint.com.mk/terminali/index69cd.html]
[www.deniint.com.mk/pajisjet-magaziniere/index69cd.html]
[www.deniint.com.mk/blog/index69cd.html]
[www.deniint.com.mk/kontaktet/index69cd.html]
[www.deniint.com.mk/warehouse-solutions-how-to-maximize-warehouse-space-utilization/index69cd.html]
[www.deniint.com.mk/category/blog/index69cd.html]
[www.deniint.com.mk/cargo-tracking-6-secrets-to-a-successful-manufacturing-business/index69cd.html]
[www.deniint.com.mk/when-do-you-need-an-export-licence/index69cd.html]
[www.deniint.com.mk/ueber-uns/index3322.html]
[www.deniint.com.mk/unsere-services/index3322.html]
[www.deniint.com.mk/unsere-services/transport/index3322.html]
[www.deniint.com.mk/unsere-services/spedition/index3322.html]
[www.deniint.com.mk/unsere-services/lagerarbeiten/index3322.html]
[www.deniint.com.mk/unsere-services/autohof-001/index3322.html]
[www.deniint.com.mk/terminal/index3322.html]
[www.deniint.com.mk/lagerausstattung/index3322.html]
[www.deniint.com.mk/blog/index3322.html]
[www.deniint.com.mk/kontakt/index3322.html]
[www.deniint.com.mk/warehouse-solutions-how-to-maximize-warehouse-space-utilization/index3322.html]
[www.deniint.com.mk/category/blog/index3322.html]
[www.deniint.com.mk/cargo-tracking-6-secrets-to-a-successful-manufacturing-business/index3322.html]
[www.deniint.com.mk/when-do-you-need-an-export-licence/index3322.html]
[www.deniint.com.mk/wp-content/themes/cargo/fonts/fontawesome-webfonte0a5.svg]
[www.deniint.com.mk/wp-content/themes/cargo/fonts/Pe-icon-7-strokebb1d.svg]
[www.deniint.com.mk/wp-content/themes/cargo/fonts/cargo2c36.svg]
[www.deniint.com.mk/indexe9b4.html]
[www.deniint.com.mk/index2dc8.html]
[www.deniint.com.mk/indexcb11.html]
[www.deniint.com.mk/index0273.html]
[www.deniint.com.mk/index0e39.html]
[www.deniint.com.mk/index83b4.html]
[www.deniint.com.mk/index1731.html]
[www.deniint.com.mk/index988d.html]
[www.deniint.com.mk/indexb648.html]
[www.deniint.com.mk/index5c36.html]
[www.deniint.com.mk/index46bd.html]
[www.deniint.com.mk/what-is-multimodal-transportation/index.html]
[www.deniint.com.mk/what-is-intermodal-freight-transportation/index.html]
[www.deniint.com.mk/complete-guide-how-to-choose-the-right-forklift-for-your-warehouse/index.html]
[www.deniint.com.mk/increase-warehouse-efficiency-with-a-good-warehouse-equipment/index.html]
[www.deniint.com.mk/from-seller-to-destination-port-transportation-process-explained/index.html]
[www.deniint.com.mk/tag/forklift-equipment/index.html]
[www.deniint.com.mk/tag/maximize-warehouse-space-utilization/index.html]
[www.deniint.com.mk/tag/storage-solutions/index.html]
[www.deniint.com.mk/tag/warehouse-customs/index.html]
[www.deniint.com.mk/tag/warehouse-efficiency/index.html]
[www.deniint.com.mk/tag/warehouse-solution/index.html]
[www.deniint.com.mk/tag/warehouse-solutions/index.html]
[www.deniint.com.mk/tag/warehouse-solutions-supplier/index.html]
[www.deniint.com.mk/what-is-an-import-licence/index.html]
[www.deniint.com.mk/category/blog/page/2/index.html]
[www.deniint.com.mk/discover-6-types-of-road-cargo-transportation/index.html]
[www.deniint.com.mk/avoid-damaged-goods-make-sure-your-supplier-use-proper-packaging/index.html]
[www.deniint.com.mk/freight-shipping-everything-you-need-to-know-about/index.html]
[www.deniint.com.mk/ultimate-guide-5-most-important-roles-in-international-transportation/index.html]
[www.deniint.com.mk/trucking-company-solutions-better-customer-service-with-gps-fleet-tracking/index.html]
[www.deniint.com.mk/express-delivery-most-important-transportation-service-for-efficient-business/index.html]
[www.deniint.com.mk/top-5-trucking-companies-solutions-that-customers-are-looking-for/index.html]
[www.deniint.com.mk/4-advantages-of-door-to-door-delivery/index.html]
[www.deniint.com.mk/ultimate-guide-transport-of-dangerous-goods-and-hazardous-materials/index.html]
[www.deniint.com.mk/from-destination-port-to-buyer-transportation-process-explained/index.html]
[www.deniint.com.mk/5-tips-to-find-the-best-trucking-company-in-europe/index.html]
[www.deniint.com.mk/how-to-identify-the-best-local-delivery-company/index.html]
[www.deniint.com.mk/wp-content/themes/cargo/index.html]
